src/sections/RulesSection.tsx(2,29): error TS1484: 'Variants' is a type and must be imported using a type-only import when 'verbatimModuleSyntax' is enabled.
